[themewagon.github.io/keto/index.html]
[backblue.gif]
[fade.gif]
[index.html]
[themewagon.github.io/keto/css/bootstrap.min.css]
[themewagon.github.io/keto/css/style.css]
[themewagon.github.io/keto/css/responsive.css]
[themewagon.github.io/keto/images/fevicon.png]
[themewagon.github.io/keto/css/jquery.mCustomScrollbar.min.css]
[netdna.bootstrapcdn.com/font-awesome/4.0.3/css/font-awesome.css]
[cdnjs.cloudflare.com/ajax/libs/fancybox/2.1.5/jquery.fancybox.min.css]
[themewagon.github.io/keto/images/loading.gif]
[themewagon.github.io/keto/index-2.html]
[themewagon.github.io/keto/images/logo.png]
[themewagon.github.io/keto/about.html]
[themewagon.github.io/keto/room.html]
[themewagon.github.io/keto/gallery.html]
[themewagon.github.io/keto/blog.html]
[themewagon.github.io/keto/contact.html]
[themewagon.github.io/keto/images/banner1.jpg]
[themewagon.github.io/keto/images/banner2.jpg]
[themewagon.github.io/keto/images/banner3.jpg]
[themewagon.github.io/keto/images/date.png]
[themewagon.github.io/keto/images/about.png]
[themewagon.github.io/keto/images/room1.jpg]
[themewagon.github.io/keto/images/room2.jpg]
[themewagon.github.io/keto/images/room3.jpg]
[themewagon.github.io/keto/images/room4.jpg]
[themewagon.github.io/keto/images/room5.jpg]
[themewagon.github.io/keto/images/room6.jpg]
[themewagon.github.io/keto/images/gallery1.jpg]
[themewagon.github.io/keto/images/gallery2.jpg]
[themewagon.github.io/keto/images/gallery3.jpg]
[themewagon.github.io/keto/images/gallery4.jpg]
[themewagon.github.io/keto/images/gallery5.jpg]
[themewagon.github.io/keto/images/gallery6.jpg]
[themewagon.github.io/keto/images/gallery7.jpg]
[themewagon.github.io/keto/images/gallery8.jpg]
[themewagon.github.io/keto/images/blog1.jpg]
[themewagon.github.io/keto/images/blog2.jpg]
[themewagon.github.io/keto/images/blog3.jpg]
[themewagon.github.io/keto/js/jquery.min.js]
[themewagon.github.io/keto/js/bootstrap.bundle.min.js]
[themewagon.github.io/keto/js/jquery-3.0.0.min.js]
[themewagon.github.io/keto/js/jquery.mCustomScrollbar.concat.min.js]
[themewagon.github.io/keto/js/custom.js]
[themewagon.github.io/keto/index.html]
[themewagon.github.io/keto/css/bootstrap.min.css]
[themewagon.github.io/keto/css/animate.min.css]
[themewagon.github.io/keto/css/normalize.css]
[themewagon.github.io/keto/css/icomoon.css]
[themewagon.github.io/keto/css/font-awesome.min.css]
[themewagon.github.io/keto/css/meanmenu.css]
[themewagon.github.io/keto/css/owl.carousel.min.css]
[themewagon.github.io/keto/css/swiper.min.css]
[themewagon.github.io/keto/css/slick.css]
[themewagon.github.io/keto/css/jquery.fancybox.min.css]
[themewagon.github.io/keto/css/jquery-ui.css]
[themewagon.github.io/keto/css/nice-select.css]
[themewagon.github.io/keto/images/blog_bg.jpg]
[themewagon.github.io/keto/css/style.css]
[themewagon.github.io/keto/images/menu_icon.png]
[themewagon.github.io/keto/css/responsive.css]
[themewagon.github.io/keto/images/fevicon.html]
[themewagon.github.io/keto/css/mCSB_buttons.png]
[themewagon.github.io/keto/css/jquery.mCustomScrollbar.min.css]
[netdna.bootstrapcdn.com/font-awesome/4.0.3/css/font-awesome.css]
[cdnjs.cloudflare.com/ajax/libs/fancybox/2.1.5/fancybox_sprite.png]
[cdnjs.cloudflare.com/ajax/libs/fancybox/2.1.5/fancybox_loading.gif]
[cdnjs.cloudflare.com/ajax/libs/fancybox/2.1.5/blank.gif]
[cdnjs.cloudflare.com/ajax/libs/fancybox/2.1.5/fancybox_overlay.png]
[cdnjs.cloudflare.com/ajax/libs/fancybox/2.1.5/fancybox_sprite@2x.png]
[cdnjs.cloudflare.com/ajax/libs/fancybox/2.1.5/jquery.fancybox.min.css]
[themewagon.github.io/keto/index-2.html]
[themewagon.github.io/keto/about.html]
[themewagon.github.io/keto/room.html]
[themewagon.github.io/keto/gallery.html]
[themewagon.github.io/keto/blog.html]
[themewagon.github.io/keto/contact.html]
[themewagon.github.io/keto/css/animate.min.css]
[themewagon.github.io/keto/css/normalize.css]
[cdnjs.cloudflare.com/ajax/libs/fancybox/2.1.5/fancybox_loading@2x.gif]
[themewagon.github.io/keto/css/icomoon.css]
[themewagon.github.io/keto/fonts/IcoMoon-Free.ttf]
[themewagon.github.io/keto/fonts/fontawesome-webfontd41d.eot]
[themewagon.github.io/keto/fonts/fontawesome-webfont3e6e.eot]
[themewagon.github.io/keto/fonts/fontawesome-webfont3e6e.woff2]
[themewagon.github.io/keto/fonts/fontawesome-webfont3e6e.woff]
[themewagon.github.io/keto/fonts/fontawesome-webfont3e6e.ttf]
[themewagon.github.io/keto/css/font-awesome.min.css]
[themewagon.github.io/keto/css/meanmenu.css]
[themewagon.github.io/keto/css/owl.video.play.png]
[themewagon.github.io/keto/css/owl.carousel.min.css]
[themewagon.github.io/keto/css/swiper.min.html]
[themewagon.github.io/keto/css/slick.css]
[themewagon.github.io/keto/css/jquery.fancybox.min.css]
[themewagon.github.io/keto/css/images/ui-icons_444444_256x240.png]
[themewagon.github.io/keto/fonts/fontawesome-webfont3e6e.svg]
[themewagon.github.io/keto/css/images/ui-icons_555555_256x240.png]
[themewagon.github.io/keto/css/images/ui-icons_ffffff_256x240.png]
[themewagon.github.io/keto/css/images/ui-icons_777620_256x240.png]
[themewagon.github.io/keto/css/images/ui-icons_cc0000_256x240.png]
[themewagon.github.io/keto/css/images/ui-icons_777777_256x240.png]
[themewagon.github.io/keto/css/jquery-ui.css]
[themewagon.github.io/keto/css/nice-select.css]
[themewagon.github.io/keto/css/mCSB_buttons.html]
[themewagon.github.io/keto/fonts/fontawesome-webfont3e6e.svg]
[themewagon.github.io/keto/css/owl.video.play.html]
[themewagon.github.io/keto/css/images/ui-icons_444444_256x240.html]
[themewagon.github.io/keto/css/images/ui-icons_555555_256x240.html]
[themewagon.github.io/keto/css/images/ui-icons_ffffff_256x240.html]
[themewagon.github.io/keto/css/images/ui-icons_777620_256x240.html]
[themewagon.github.io/keto/css/images/ui-icons_cc0000_256x240.html]
[themewagon.github.io/keto/css/images/ui-icons_777777_256x240.html]
